// Jest Snapshot v1, https://goo.gl/fbAQLP

exports[`PhotoGallery should render snapshot 1`] = `
.c4 {
  -webkit-animation: bQashm 1.5s ease-in-out infinite;
  animation: bQashm 1.5s ease-in-out infinite;
  background: #6e7781;
  color: transparent;
  cursor: progress;
  display: block;
  width: 100%;
  height: 100%;
}

.c0 {
  position: relative;
}

.c17 {
  position: absolute;
  right: 0;
  bottom: 0;
  padding: 2px 4px;
  opacity: 0.8;
  color: #ffffff;
  background-color: #ffffff;
  font-size: 12px;
}

.c17 > a {
  color: inherit;
  -webkit-text-decoration: none !important;
  text-decoration: none !important;
}

.c1 {
  display: grid;
  grid-auto-flow: column dense;
  grid-template-rows: repeat(3,33.3333333%);
  grid-template-columns: repeat(4,1fr);
  overflow: auto;
  width: 100%;
  height: 100%;
}

.c2 {
  position: relative;
  width: 100%;
  padding-bottom: 132.1160580290145%;
}

.c2 {
  grid-row: span 2;
  grid-column: span 1;
}

.c6 {
  position: relative;
  width: 100%;
  padding-bottom: 150%;
}

.c6 {
  grid-row: span 2;
  grid-column: span 1;
}

.c8 {
  position: relative;
  width: 100%;
  padding-bottom: 149.98531571218797%;
}

.c8 {
  grid-row: span 2;
  grid-column: span 1;
}

.c10 {
  position: relative;
  width: 100%;
  padding-bottom: 56.25343343709943%;
}

.c10 {
  grid-row: span 1;
  grid-column: span 1;
}

.c11 {
  position: relative;
  width: 100%;
  padding-bottom: 66.66666666666666%;
}

.c11 {
  grid-row: span 1;
  grid-column: span 1;
}

.c12 {
  position: relative;
  width: 100%;
  padding-bottom: 56.27009646302251%;
}

.c12 {
  grid-row: span 1;
  grid-column: span 1;
}

.c14 {
  position: relative;
  width: 100%;
  padding-bottom: 133.33333333333331%;
}

.c14 {
  grid-row: span 2;
  grid-column: span 1;
}

.c15 {
  position: relative;
  width: 100%;
  padding-bottom: 61.5007215007215%;
}

.c15 {
  grid-row: span 1;
  grid-column: span 1;
}

.c3 {
  display: none;
  position: absolute;
  top: 0;
  left: 0;
  width: 100%;
  height: 100%;
  object-fit: cover;
  vertical-align: middle;
  cursor: pointer;
}

.c5 {
  position: absolute;
  background: #0c2626;
  top: 0;
  left: 0;
  width: 100%;
  height: 100%;
}

.c7 {
  position: absolute;
  background: #262626;
  top: 0;
  left: 0;
  width: 100%;
  height: 100%;
}

.c9 {
  position: absolute;
  background: #404059;
  top: 0;
  left: 0;
  width: 100%;
  height: 100%;
}

.c13 {
  position: absolute;
  background: #c0d9d9;
  top: 0;
  left: 0;
  width: 100%;
  height: 100%;
}

.c16 {
  position: absolute;
  background: #0c2640;
  top: 0;
  left: 0;
  width: 100%;
  height: 100%;
}

@media (min-width:544px) {
  .c1 {
    grid-template-rows: repeat(2,50%);
  }
}

<div
  class="c0"
>
  <div
    class="c1"
  >
    <div
      class="c2"
    >
      <a
        href="https://unsplash.com/photos/0L92JpocFNg"
        rel="noreferrer"
        target="_blank"
      >
        <img
          class="c3"
          sizes="(max-width: 767px) 100vw, (max-width: 169px) min(100%, 137px), (max-height: 352px) min(100%, 137px), (min-aspect-ratio: 1999 / 2641) calc(calc(100vh - 175px) * 0.756910), calc(100vw - 32px)"
          src="https://images.unsplash.com/photo-1643049320618-f271858d7b0a?ixid=MnwyMDE0NjF8MHwxfHNlYXJjaHwxfHxuZXd5b3JrJTJDdXNhfGVufDB8fHx8MTY2MTk0OTIyMQ&ixlib=rb-1.2.1"
          srcset="https://images.unsplash.com/photo-1643049320618-f271858d7b0a?ixid=MnwyMDE0NjF8MHwxfHNlYXJjaHwxfHxuZXd5b3JrJTJDdXNhfGVufDB8fHx8MTY2MTk0OTIyMQ&ixlib=rb-1.2.1&ar=1999%3A2641&fit=crop&w=118 118w, https://images.unsplash.com/photo-1643049320618-f271858d7b0a?ixid=MnwyMDE0NjF8MHwxfHNlYXJjaHwxfHxuZXd5b3JrJTJDdXNhfGVufDB8fHx8MTY2MTk0OTIyMQ&ixlib=rb-1.2.1&ar=1999%3A2641&fit=crop&w=418 418w, https://images.unsplash.com/photo-1643049320618-f271858d7b0a?ixid=MnwyMDE0NjF8MHwxfHNlYXJjaHwxfHxuZXd5b3JrJTJDdXNhfGVufDB8fHx8MTY2MTk0OTIyMQ&ixlib=rb-1.2.1&ar=1999%3A2641&fit=crop&w=718 718w, https://images.unsplash.com/photo-1643049320618-f271858d7b0a?ixid=MnwyMDE0NjF8MHwxfHNlYXJjaHwxfHxuZXd5b3JrJTJDdXNhfGVufDB8fHx8MTY2MTk0OTIyMQ&ixlib=rb-1.2.1&ar=1999%3A2641&fit=crop&w=1018 1018w, https://images.unsplash.com/photo-1643049320618-f271858d7b0a?ixid=MnwyMDE0NjF8MHwxfHNlYXJjaHwxfHxuZXd5b3JrJTJDdXNhfGVufDB8fHx8MTY2MTk0OTIyMQ&ixlib=rb-1.2.1&ar=1999%3A2641&fit=crop&w=1318 1318w, https://images.unsplash.com/photo-1643049320618-f271858d7b0a?ixid=MnwyMDE0NjF8MHwxfHNlYXJjaHwxfHxuZXd5b3JrJTJDdXNhfGVufDB8fHx8MTY2MTk0OTIyMQ&ixlib=rb-1.2.1&ar=1999%3A2641&fit=crop&w=1618 1618w, https://images.unsplash.com/photo-1643049320618-f271858d7b0a?ixid=MnwyMDE0NjF8MHwxfHNlYXJjaHwxfHxuZXd5b3JrJTJDdXNhfGVufDB8fHx8MTY2MTk0OTIyMQ&ixlib=rb-1.2.1&ar=1999%3A2641&fit=crop&w=1918 1918w, https://images.unsplash.com/photo-1643049320618-f271858d7b0a?ixid=MnwyMDE0NjF8MHwxfHNlYXJjaHwxfHxuZXd5b3JrJTJDdXNhfGVufDB8fHx8MTY2MTk0OTIyMQ&ixlib=rb-1.2.1&ar=1999%3A2641&fit=crop&w=1999 1999w"
        />
      </a>
      <span
        class="c4 c5"
      />
    </div>
    <div
      class="c6"
    >
      <a
        href="https://unsplash.com/photos/vO-xnyj9iMo"
        rel="noreferrer"
        target="_blank"
      >
        <img
          alt="yellow bus"
          class="c3"
          sizes="(max-width: 767px) 100vw, (max-width: 152px) min(100%, 120px), (max-height: 351px) min(100%, 120px), (min-aspect-ratio: 2728 / 4092) calc(calc(100vh - 175px) * 0.666667), calc(100vw - 32px)"
          src="https://images.unsplash.com/photo-1548019581-99d71784d09a?ixid=MnwyMDE0NjF8MHwxfHNlYXJjaHwyfHxuZXd5b3JrJTJDdXNhfGVufDB8fHx8MTY2MTk0OTIyMQ&ixlib=rb-1.2.1"
          srcset="https://images.unsplash.com/photo-1548019581-99d71784d09a?ixid=MnwyMDE0NjF8MHwxfHNlYXJjaHwyfHxuZXd5b3JrJTJDdXNhfGVufDB8fHx8MTY2MTk0OTIyMQ&ixlib=rb-1.2.1&ar=2728%3A4092&fit=crop&w=104 104w, https://images.unsplash.com/photo-1548019581-99d71784d09a?ixid=MnwyMDE0NjF8MHwxfHNlYXJjaHwyfHxuZXd5b3JrJTJDdXNhfGVufDB8fHx8MTY2MTk0OTIyMQ&ixlib=rb-1.2.1&ar=2728%3A4092&fit=crop&w=404 404w, https://images.unsplash.com/photo-1548019581-99d71784d09a?ixid=MnwyMDE0NjF8MHwxfHNlYXJjaHwyfHxuZXd5b3JrJTJDdXNhfGVufDB8fHx8MTY2MTk0OTIyMQ&ixlib=rb-1.2.1&ar=2728%3A4092&fit=crop&w=704 704w, https://images.unsplash.com/photo-1548019581-99d71784d09a?ixid=MnwyMDE0NjF8MHwxfHNlYXJjaHwyfHxuZXd5b3JrJTJDdXNhfGVufDB8fHx8MTY2MTk0OTIyMQ&ixlib=rb-1.2.1&ar=2728%3A4092&fit=crop&w=1004 1004w, https://images.unsplash.com/photo-1548019581-99d71784d09a?ixid=MnwyMDE0NjF8MHwxfHNlYXJjaHwyfHxuZXd5b3JrJTJDdXNhfGVufDB8fHx8MTY2MTk0OTIyMQ&ixlib=rb-1.2.1&ar=2728%3A4092&fit=crop&w=1304 1304w, https://images.unsplash.com/photo-1548019581-99d71784d09a?ixid=MnwyMDE0NjF8MHwxfHNlYXJjaHwyfHxuZXd5b3JrJTJDdXNhfGVufDB8fHx8MTY2MTk0OTIyMQ&ixlib=rb-1.2.1&ar=2728%3A4092&fit=crop&w=1604 1604w, https://images.unsplash.com/photo-1548019581-99d71784d09a?ixid=MnwyMDE0NjF8MHwxfHNlYXJjaHwyfHxuZXd5b3JrJTJDdXNhfGVufDB8fHx8MTY2MTk0OTIyMQ&ixlib=rb-1.2.1&ar=2728%3A4092&fit=crop&w=1904 1904w, https://images.unsplash.com/photo-1548019581-99d71784d09a?ixid=MnwyMDE0NjF8MHwxfHNlYXJjaHwyfHxuZXd5b3JrJTJDdXNhfGVufDB8fHx8MTY2MTk0OTIyMQ&ixlib=rb-1.2.1&ar=2728%3A4092&fit=crop&w=2204 2204w, https://images.unsplash.com/photo-1548019581-99d71784d09a?ixid=MnwyMDE0NjF8MHwxfHNlYXJjaHwyfHxuZXd5b3JrJTJDdXNhfGVufDB8fHx8MTY2MTk0OTIyMQ&ixlib=rb-1.2.1&ar=2728%3A4092&fit=crop&w=2504 2504w, https://images.unsplash.com/photo-1548019581-99d71784d09a?ixid=MnwyMDE0NjF8MHwxfHNlYXJjaHwyfHxuZXd5b3JrJTJDdXNhfGVufDB8fHx8MTY2MTk0OTIyMQ&ixlib=rb-1.2.1&ar=2728%3A4092&fit=crop&w=2728 2728w"
        />
      </a>
      <span
        class="c4 c7"
      />
    </div>
    <div
      class="c8"
    >
      <a
        href="https://unsplash.com/photos/102abqkKhbY"
        rel="noreferrer"
        target="_blank"
      >
        <img
          alt="car lot surrounded by high rise building"
          class="c3"
          sizes="(max-width: 767px) 100vw, (max-width: 153px) min(100%, 121px), (max-height: 353px) min(100%, 121px), (min-aspect-ratio: 3405 / 5107) calc(calc(100vh - 175px) * 0.666732), calc(100vw - 32px)"
          src="https://images.unsplash.com/photo-1471306224500-6d0d218be372?ixid=MnwyMDE0NjF8MHwxfHNlYXJjaHwzfHxuZXd5b3JrJTJDdXNhfGVufDB8fHx8MTY2MTk0OTIyMQ&ixlib=rb-1.2.1"
          srcset="https://images.unsplash.com/photo-1471306224500-6d0d218be372?ixid=MnwyMDE0NjF8MHwxfHNlYXJjaHwzfHxuZXd5b3JrJTJDdXNhfGVufDB8fHx8MTY2MTk0OTIyMQ&ixlib=rb-1.2.1&ar=3405%3A5107&fit=crop&w=104 104w, https://images.unsplash.com/photo-1471306224500-6d0d218be372?ixid=MnwyMDE0NjF8MHwxfHNlYXJjaHwzfHxuZXd5b3JrJTJDdXNhfGVufDB8fHx8MTY2MTk0OTIyMQ&ixlib=rb-1.2.1&ar=3405%3A5107&fit=crop&w=404 404w, https://images.unsplash.com/photo-1471306224500-6d0d218be372?ixid=MnwyMDE0NjF8MHwxfHNlYXJjaHwzfHxuZXd5b3JrJTJDdXNhfGVufDB8fHx8MTY2MTk0OTIyMQ&ixlib=rb-1.2.1&ar=3405%3A5107&fit=crop&w=704 704w, https://images.unsplash.com/photo-1471306224500-6d0d218be372?ixid=MnwyMDE0NjF8MHwxfHNlYXJjaHwzfHxuZXd5b3JrJTJDdXNhfGVufDB8fHx8MTY2MTk0OTIyMQ&ixlib=rb-1.2.1&ar=3405%3A5107&fit=crop&w=1004 1004w, https://images.unsplash.com/photo-1471306224500-6d0d218be372?ixid=MnwyMDE0NjF8MHwxfHNlYXJjaHwzfHxuZXd5b3JrJTJDdXNhfGVufDB8fHx8MTY2MTk0OTIyMQ&ixlib=rb-1.2.1&ar=3405%3A5107&fit=crop&w=1304 1304w, https://images.unsplash.com/photo-1471306224500-6d0d218be372?ixid=MnwyMDE0NjF8MHwxfHNlYXJjaHwzfHxuZXd5b3JrJTJDdXNhfGVufDB8fHx8MTY2MTk0OTIyMQ&ixlib=rb-1.2.1&ar=3405%3A5107&fit=crop&w=1604 1604w, https://images.unsplash.com/photo-1471306224500-6d0d218be372?ixid=MnwyMDE0NjF8MHwxfHNlYXJjaHwzfHxuZXd5b3JrJTJDdXNhfGVufDB8fHx8MTY2MTk0OTIyMQ&ixlib=rb-1.2.1&ar=3405%3A5107&fit=crop&w=1904 1904w, https://images.unsplash.com/photo-1471306224500-6d0d218be372?ixid=MnwyMDE0NjF8MHwxfHNlYXJjaHwzfHxuZXd5b3JrJTJDdXNhfGVufDB8fHx8MTY2MTk0OTIyMQ&ixlib=rb-1.2.1&ar=3405%3A5107&fit=crop&w=2204 2204w, https://images.unsplash.com/photo-1471306224500-6d0d218be372?ixid=MnwyMDE0NjF8MHwxfHNlYXJjaHwzfHxuZXd5b3JrJTJDdXNhfGVufDB8fHx8MTY2MTk0OTIyMQ&ixlib=rb-1.2.1&ar=3405%3A5107&fit=crop&w=2504 2504w, https://images.unsplash.com/photo-1471306224500-6d0d218be372?ixid=MnwyMDE0NjF8MHwxfHNlYXJjaHwzfHxuZXd5b3JrJTJDdXNhfGVufDB8fHx8MTY2MTk0OTIyMQ&ixlib=rb-1.2.1&ar=3405%3A5107&fit=crop&w=2804 2804w, https://images.unsplash.com/photo-1471306224500-6d0d218be372?ixid=MnwyMDE0NjF8MHwxfHNlYXJjaHwzfHxuZXd5b3JrJTJDdXNhfGVufDB8fHx8MTY2MTk0OTIyMQ&ixlib=rb-1.2.1&ar=3405%3A5107&fit=crop&w=3104 3104w, https://images.unsplash.com/photo-1471306224500-6d0d218be372?ixid=MnwyMDE0NjF8MHwxfHNlYXJjaHwzfHxuZXd5b3JrJTJDdXNhfGVufDB8fHx8MTY2MTk0OTIyMQ&ixlib=rb-1.2.1&ar=3405%3A5107&fit=crop&w=3404 3404w, https://images.unsplash.com/photo-1471306224500-6d0d218be372?ixid=MnwyMDE0NjF8MHwxfHNlYXJjaHwzfHxuZXd5b3JrJTJDdXNhfGVufDB8fHx8MTY2MTk0OTIyMQ&ixlib=rb-1.2.1&ar=3405%3A5107&fit=crop&w=3405 3405w"
        />
      </a>
      <span
        class="c4 c9"
      />
    </div>
    <div
      class="c10"
    >
      <a
        href="https://unsplash.com/photos/l8ypMiU1Hio"
        rel="noreferrer"
        target="_blank"
      >
        <img
          class="c3"
          sizes="(max-width: 767px) 100vw, (max-width: 352px) min(100%, 320px), (max-height: 352px) min(100%, 320px), (min-aspect-ratio: 5461 / 3072) calc(calc(100vh - 175px) * 1.77767), calc(100vw - 32px)"
          src="https://images.unsplash.com/photo-1602940659805-770d1b3b9911?ixid=MnwyMDE0NjF8MHwxfHNlYXJjaHw0fHxuZXd5b3JrJTJDdXNhfGVufDB8fHx8MTY2MTk0OTIyMQ&ixlib=rb-1.2.1"
          srcset="https://images.unsplash.com/photo-1602940659805-770d1b3b9911?ixid=MnwyMDE0NjF8MHwxfHNlYXJjaHw0fHxuZXd5b3JrJTJDdXNhfGVufDB8fHx8MTY2MTk0OTIyMQ&ixlib=rb-1.2.1&ar=5461%3A3072&fit=crop&w=276 276w, https://images.unsplash.com/photo-1602940659805-770d1b3b9911?ixid=MnwyMDE0NjF8MHwxfHNlYXJjaHw0fHxuZXd5b3JrJTJDdXNhfGVufDB8fHx8MTY2MTk0OTIyMQ&ixlib=rb-1.2.1&ar=5461%3A3072&fit=crop&w=576 576w, https://images.unsplash.com/photo-1602940659805-770d1b3b9911?ixid=MnwyMDE0NjF8MHwxfHNlYXJjaHw0fHxuZXd5b3JrJTJDdXNhfGVufDB8fHx8MTY2MTk0OTIyMQ&ixlib=rb-1.2.1&ar=5461%3A3072&fit=crop&w=876 876w, https://images.unsplash.com/photo-1602940659805-770d1b3b9911?ixid=MnwyMDE0NjF8MHwxfHNlYXJjaHw0fHxuZXd5b3JrJTJDdXNhfGVufDB8fHx8MTY2MTk0OTIyMQ&ixlib=rb-1.2.1&ar=5461%3A3072&fit=crop&w=1176 1176w, https://images.unsplash.com/photo-1602940659805-770d1b3b9911?ixid=MnwyMDE0NjF8MHwxfHNlYXJjaHw0fHxuZXd5b3JrJTJDdXNhfGVufDB8fHx8MTY2MTk0OTIyMQ&ixlib=rb-1.2.1&ar=5461%3A3072&fit=crop&w=1476 1476w, https://images.unsplash.com/photo-1602940659805-770d1b3b9911?ixid=MnwyMDE0NjF8MHwxfHNlYXJjaHw0fHxuZXd5b3JrJTJDdXNhfGVufDB8fHx8MTY2MTk0OTIyMQ&ixlib=rb-1.2.1&ar=5461%3A3072&fit=crop&w=1776 1776w, https://images.unsplash.com/photo-1602940659805-770d1b3b9911?ixid=MnwyMDE0NjF8MHwxfHNlYXJjaHw0fHxuZXd5b3JrJTJDdXNhfGVufDB8fHx8MTY2MTk0OTIyMQ&ixlib=rb-1.2.1&ar=5461%3A3072&fit=crop&w=2076 2076w, https://images.unsplash.com/photo-1602940659805-770d1b3b9911?ixid=MnwyMDE0NjF8MHwxfHNlYXJjaHw0fHxuZXd5b3JrJTJDdXNhfGVufDB8fHx8MTY2MTk0OTIyMQ&ixlib=rb-1.2.1&ar=5461%3A3072&fit=crop&w=2376 2376w, https://images.unsplash.com/photo-1602940659805-770d1b3b9911?ixid=MnwyMDE0NjF8MHwxfHNlYXJjaHw0fHxuZXd5b3JrJTJDdXNhfGVufDB8fHx8MTY2MTk0OTIyMQ&ixlib=rb-1.2.1&ar=5461%3A3072&fit=crop&w=2676 2676w, https://images.unsplash.com/photo-1602940659805-770d1b3b9911?ixid=MnwyMDE0NjF8MHwxfHNlYXJjaHw0fHxuZXd5b3JrJTJDdXNhfGVufDB8fHx8MTY2MTk0OTIyMQ&ixlib=rb-1.2.1&ar=5461%3A3072&fit=crop&w=2976 2976w, https://images.unsplash.com/photo-1602940659805-770d1b3b9911?ixid=MnwyMDE0NjF8MHwxfHNlYXJjaHw0fHxuZXd5b3JrJTJDdXNhfGVufDB8fHx8MTY2MTk0OTIyMQ&ixlib=rb-1.2.1&ar=5461%3A3072&fit=crop&w=3276 3276w, https://images.unsplash.com/photo-1602940659805-770d1b3b9911?ixid=MnwyMDE0NjF8MHwxfHNlYXJjaHw0fHxuZXd5b3JrJTJDdXNhfGVufDB8fHx8MTY2MTk0OTIyMQ&ixlib=rb-1.2.1&ar=5461%3A3072&fit=crop&w=3576 3576w, https://images.unsplash.com/photo-1602940659805-770d1b3b9911?ixid=MnwyMDE0NjF8MHwxfHNlYXJjaHw0fHxuZXd5b3JrJTJDdXNhfGVufDB8fHx8MTY2MTk0OTIyMQ&ixlib=rb-1.2.1&ar=5461%3A3072&fit=crop&w=3876 3876w, https://images.unsplash.com/photo-1602940659805-770d1b3b9911?ixid=MnwyMDE0NjF8MHwxfHNlYXJjaHw0fHxuZXd5b3JrJTJDdXNhfGVufDB8fHx8MTY2MTk0OTIyMQ&ixlib=rb-1.2.1&ar=5461%3A3072&fit=crop&w=4176 4176w, https://images.unsplash.com/photo-1602940659805-770d1b3b9911?ixid=MnwyMDE0NjF8MHwxfHNlYXJjaHw0fHxuZXd5b3JrJTJDdXNhfGVufDB8fHx8MTY2MTk0OTIyMQ&ixlib=rb-1.2.1&ar=5461%3A3072&fit=crop&w=4476 4476w, https://images.unsplash.com/photo-1602940659805-770d1b3b9911?ixid=MnwyMDE0NjF8MHwxfHNlYXJjaHw0fHxuZXd5b3JrJTJDdXNhfGVufDB8fHx8MTY2MTk0OTIyMQ&ixlib=rb-1.2.1&ar=5461%3A3072&fit=crop&w=4776 4776w, https://images.unsplash.com/photo-1602940659805-770d1b3b9911?ixid=MnwyMDE0NjF8MHwxfHNlYXJjaHw0fHxuZXd5b3JrJTJDdXNhfGVufDB8fHx8MTY2MTk0OTIyMQ&ixlib=rb-1.2.1&ar=5461%3A3072&fit=crop&w=5076 5076w, https://images.unsplash.com/photo-1602940659805-770d1b3b9911?ixid=MnwyMDE0NjF8MHwxfHNlYXJjaHw0fHxuZXd5b3JrJTJDdXNhfGVufDB8fHx8MTY2MTk0OTIyMQ&ixlib=rb-1.2.1&ar=5461%3A3072&fit=crop&w=5376 5376w, https://images.unsplash.com/photo-1602940659805-770d1b3b9911?ixid=MnwyMDE0NjF8MHwxfHNlYXJjaHw0fHxuZXd5b3JrJTJDdXNhfGVufDB8fHx8MTY2MTk0OTIyMQ&ixlib=rb-1.2.1&ar=5461%3A3072&fit=crop&w=5461 5461w"
        />
      </a>
      <span
        class="c4 c7"
      />
    </div>
    <div
      class="c11"
    >
      <a
        href="https://unsplash.com/photos/5oO1xH5h8kQ"
        rel="noreferrer"
        target="_blank"
      >
        <img
          alt="black and white pedestrian lane in the city during daytime"
          class="c3"
          sizes="(max-width: 767px) 100vw, (max-width: 302px) min(100%, 270px), (max-height: 351px) min(100%, 270px), (min-aspect-ratio: 5184 / 3456) calc(calc(100vh - 175px) * 1.50000), calc(100vw - 32px)"
          src="https://images.unsplash.com/photo-1586812416094-a79ae86d22f5?ixid=MnwyMDE0NjF8MHwxfHNlYXJjaHw1fHxuZXd5b3JrJTJDdXNhfGVufDB8fHx8MTY2MTk0OTIyMQ&ixlib=rb-1.2.1"
          srcset="https://images.unsplash.com/photo-1586812416094-a79ae86d22f5?ixid=MnwyMDE0NjF8MHwxfHNlYXJjaHw1fHxuZXd5b3JrJTJDdXNhfGVufDB8fHx8MTY2MTk0OTIyMQ&ixlib=rb-1.2.1&ar=5184%3A3456&fit=crop&w=233 233w, https://images.unsplash.com/photo-1586812416094-a79ae86d22f5?ixid=MnwyMDE0NjF8MHwxfHNlYXJjaHw1fHxuZXd5b3JrJTJDdXNhfGVufDB8fHx8MTY2MTk0OTIyMQ&ixlib=rb-1.2.1&ar=5184%3A3456&fit=crop&w=533 533w, https://images.unsplash.com/photo-1586812416094-a79ae86d22f5?ixid=MnwyMDE0NjF8MHwxfHNlYXJjaHw1fHxuZXd5b3JrJTJDdXNhfGVufDB8fHx8MTY2MTk0OTIyMQ&ixlib=rb-1.2.1&ar=5184%3A3456&fit=crop&w=833 833w, https://images.unsplash.com/photo-1586812416094-a79ae86d22f5?ixid=MnwyMDE0NjF8MHwxfHNlYXJjaHw1fHxuZXd5b3JrJTJDdXNhfGVufDB8fHx8MTY2MTk0OTIyMQ&ixlib=rb-1.2.1&ar=5184%3A3456&fit=crop&w=1133 1133w, https://images.unsplash.com/photo-1586812416094-a79ae86d22f5?ixid=MnwyMDE0NjF8MHwxfHNlYXJjaHw1fHxuZXd5b3JrJTJDdXNhfGVufDB8fHx8MTY2MTk0OTIyMQ&ixlib=rb-1.2.1&ar=5184%3A3456&fit=crop&w=1433 1433w, https://images.unsplash.com/photo-1586812416094-a79ae86d22f5?ixid=MnwyMDE0NjF8MHwxfHNlYXJjaHw1fHxuZXd5b3JrJTJDdXNhfGVufDB8fHx8MTY2MTk0OTIyMQ&ixlib=rb-1.2.1&ar=5184%3A3456&fit=crop&w=1733 1733w, https://images.unsplash.com/photo-1586812416094-a79ae86d22f5?ixid=MnwyMDE0NjF8MHwxfHNlYXJjaHw1fHxuZXd5b3JrJTJDdXNhfGVufDB8fHx8MTY2MTk0OTIyMQ&ixlib=rb-1.2.1&ar=5184%3A3456&fit=crop&w=2033 2033w, https://images.unsplash.com/photo-1586812416094-a79ae86d22f5?ixid=MnwyMDE0NjF8MHwxfHNlYXJjaHw1fHxuZXd5b3JrJTJDdXNhfGVufDB8fHx8MTY2MTk0OTIyMQ&ixlib=rb-1.2.1&ar=5184%3A3456&fit=crop&w=2333 2333w, https://images.unsplash.com/photo-1586812416094-a79ae86d22f5?ixid=MnwyMDE0NjF8MHwxfHNlYXJjaHw1fHxuZXd5b3JrJTJDdXNhfGVufDB8fHx8MTY2MTk0OTIyMQ&ixlib=rb-1.2.1&ar=5184%3A3456&fit=crop&w=2633 2633w, https://images.unsplash.com/photo-1586812416094-a79ae86d22f5?ixid=MnwyMDE0NjF8MHwxfHNlYXJjaHw1fHxuZXd5b3JrJTJDdXNhfGVufDB8fHx8MTY2MTk0OTIyMQ&ixlib=rb-1.2.1&ar=5184%3A3456&fit=crop&w=2933 2933w, https://images.unsplash.com/photo-1586812416094-a79ae86d22f5?ixid=MnwyMDE0NjF8MHwxfHNlYXJjaHw1fHxuZXd5b3JrJTJDdXNhfGVufDB8fHx8MTY2MTk0OTIyMQ&ixlib=rb-1.2.1&ar=5184%3A3456&fit=crop&w=3233 3233w, https://images.unsplash.com/photo-1586812416094-a79ae86d22f5?ixid=MnwyMDE0NjF8MHwxfHNlYXJjaHw1fHxuZXd5b3JrJTJDdXNhfGVufDB8fHx8MTY2MTk0OTIyMQ&ixlib=rb-1.2.1&ar=5184%3A3456&fit=crop&w=3533 3533w, https://images.unsplash.com/photo-1586812416094-a79ae86d22f5?ixid=MnwyMDE0NjF8MHwxfHNlYXJjaHw1fHxuZXd5b3JrJTJDdXNhfGVufDB8fHx8MTY2MTk0OTIyMQ&ixlib=rb-1.2.1&ar=5184%3A3456&fit=crop&w=3833 3833w, https://images.unsplash.com/photo-1586812416094-a79ae86d22f5?ixid=MnwyMDE0NjF8MHwxfHNlYXJjaHw1fHxuZXd5b3JrJTJDdXNhfGVufDB8fHx8MTY2MTk0OTIyMQ&ixlib=rb-1.2.1&ar=5184%3A3456&fit=crop&w=4133 4133w, https://images.unsplash.com/photo-1586812416094-a79ae86d22f5?ixid=MnwyMDE0NjF8MHwxfHNlYXJjaHw1fHxuZXd5b3JrJTJDdXNhfGVufDB8fHx8MTY2MTk0OTIyMQ&ixlib=rb-1.2.1&ar=5184%3A3456&fit=crop&w=4433 4433w, https://images.unsplash.com/photo-1586812416094-a79ae86d22f5?ixid=MnwyMDE0NjF8MHwxfHNlYXJjaHw1fHxuZXd5b3JrJTJDdXNhfGVufDB8fHx8MTY2MTk0OTIyMQ&ixlib=rb-1.2.1&ar=5184%3A3456&fit=crop&w=4733 4733w, https://images.unsplash.com/photo-1586812416094-a79ae86d22f5?ixid=MnwyMDE0NjF8MHwxfHNlYXJjaHw1fHxuZXd5b3JrJTJDdXNhfGVufDB8fHx8MTY2MTk0OTIyMQ&ixlib=rb-1.2.1&ar=5184%3A3456&fit=crop&w=5033 5033w, https://images.unsplash.com/photo-1586812416094-a79ae86d22f5?ixid=MnwyMDE0NjF8MHwxfHNlYXJjaHw1fHxuZXd5b3JrJTJDdXNhfGVufDB8fHx8MTY2MTk0OTIyMQ&ixlib=rb-1.2.1&ar=5184%3A3456&fit=crop&w=5184 5184w"
        />
      </a>
      <span
        class="c4 c7"
      />
    </div>
    <div
      class="c12"
    >
      <a
        href="https://unsplash.com/photos/jeS5GHIxwTw"
        rel="noreferrer"
        target="_blank"
      >
        <img
          alt="white airplanes on railway under white and blue sky"
          class="c3"
          sizes="(max-width: 767px) 100vw, (max-width: 352px) min(100%, 320px), (max-height: 352px) min(100%, 320px), (min-aspect-ratio: 4976 / 2800) calc(calc(100vh - 175px) * 1.77714), calc(100vw - 32px)"
          src="https://images.unsplash.com/photo-1577911890798-a56cb4b53888?ixid=MnwyMDE0NjF8MHwxfHNlYXJjaHw2fHxuZXd5b3JrJTJDdXNhfGVufDB8fHx8MTY2MTk0OTIyMQ&ixlib=rb-1.2.1"
          srcset="https://images.unsplash.com/photo-1577911890798-a56cb4b53888?ixid=MnwyMDE0NjF8MHwxfHNlYXJjaHw2fHxuZXd5b3JrJTJDdXNhfGVufDB8fHx8MTY2MTk0OTIyMQ&ixlib=rb-1.2.1&ar=4976%3A2800&fit=crop&w=276 276w, https://images.unsplash.com/photo-1577911890798-a56cb4b53888?ixid=MnwyMDE0NjF8MHwxfHNlYXJjaHw2fHxuZXd5b3JrJTJDdXNhfGVufDB8fHx8MTY2MTk0OTIyMQ&ixlib=rb-1.2.1&ar=4976%3A2800&fit=crop&w=576 576w, https://images.unsplash.com/photo-1577911890798-a56cb4b53888?ixid=MnwyMDE0NjF8MHwxfHNlYXJjaHw2fHxuZXd5b3JrJTJDdXNhfGVufDB8fHx8MTY2MTk0OTIyMQ&ixlib=rb-1.2.1&ar=4976%3A2800&fit=crop&w=876 876w, https://images.unsplash.com/photo-1577911890798-a56cb4b53888?ixid=MnwyMDE0NjF8MHwxfHNlYXJjaHw2fHxuZXd5b3JrJTJDdXNhfGVufDB8fHx8MTY2MTk0OTIyMQ&ixlib=rb-1.2.1&ar=4976%3A2800&fit=crop&w=1176 1176w, https://images.unsplash.com/photo-1577911890798-a56cb4b53888?ixid=MnwyMDE0NjF8MHwxfHNlYXJjaHw2fHxuZXd5b3JrJTJDdXNhfGVufDB8fHx8MTY2MTk0OTIyMQ&ixlib=rb-1.2.1&ar=4976%3A2800&fit=crop&w=1476 1476w, https://images.unsplash.com/photo-1577911890798-a56cb4b53888?ixid=MnwyMDE0NjF8MHwxfHNlYXJjaHw2fHxuZXd5b3JrJTJDdXNhfGVufDB8fHx8MTY2MTk0OTIyMQ&ixlib=rb-1.2.1&ar=4976%3A2800&fit=crop&w=1776 1776w, https://images.unsplash.com/photo-1577911890798-a56cb4b53888?ixid=MnwyMDE0NjF8MHwxfHNlYXJjaHw2fHxuZXd5b3JrJTJDdXNhfGVufDB8fHx8MTY2MTk0OTIyMQ&ixlib=rb-1.2.1&ar=4976%3A2800&fit=crop&w=2076 2076w, https://images.unsplash.com/photo-1577911890798-a56cb4b53888?ixid=MnwyMDE0NjF8MHwxfHNlYXJjaHw2fHxuZXd5b3JrJTJDdXNhfGVufDB8fHx8MTY2MTk0OTIyMQ&ixlib=rb-1.2.1&ar=4976%3A2800&fit=crop&w=2376 2376w, https://images.unsplash.com/photo-1577911890798-a56cb4b53888?ixid=MnwyMDE0NjF8MHwxfHNlYXJjaHw2fHxuZXd5b3JrJTJDdXNhfGVufDB8fHx8MTY2MTk0OTIyMQ&ixlib=rb-1.2.1&ar=4976%3A2800&fit=crop&w=2676 2676w, https://images.unsplash.com/photo-1577911890798-a56cb4b53888?ixid=MnwyMDE0NjF8MHwxfHNlYXJjaHw2fHxuZXd5b3JrJTJDdXNhfGVufDB8fHx8MTY2MTk0OTIyMQ&ixlib=rb-1.2.1&ar=4976%3A2800&fit=crop&w=2976 2976w, https://images.unsplash.com/photo-1577911890798-a56cb4b53888?ixid=MnwyMDE0NjF8MHwxfHNlYXJjaHw2fHxuZXd5b3JrJTJDdXNhfGVufDB8fHx8MTY2MTk0OTIyMQ&ixlib=rb-1.2.1&ar=4976%3A2800&fit=crop&w=3276 3276w, https://images.unsplash.com/photo-1577911890798-a56cb4b53888?ixid=MnwyMDE0NjF8MHwxfHNlYXJjaHw2fHxuZXd5b3JrJTJDdXNhfGVufDB8fHx8MTY2MTk0OTIyMQ&ixlib=rb-1.2.1&ar=4976%3A2800&fit=crop&w=3576 3576w, https://images.unsplash.com/photo-1577911890798-a56cb4b53888?ixid=MnwyMDE0NjF8MHwxfHNlYXJjaHw2fHxuZXd5b3JrJTJDdXNhfGVufDB8fHx8MTY2MTk0OTIyMQ&ixlib=rb-1.2.1&ar=4976%3A2800&fit=crop&w=3876 3876w, https://images.unsplash.com/photo-1577911890798-a56cb4b53888?ixid=MnwyMDE0NjF8MHwxfHNlYXJjaHw2fHxuZXd5b3JrJTJDdXNhfGVufDB8fHx8MTY2MTk0OTIyMQ&ixlib=rb-1.2.1&ar=4976%3A2800&fit=crop&w=4176 4176w, https://images.unsplash.com/photo-1577911890798-a56cb4b53888?ixid=MnwyMDE0NjF8MHwxfHNlYXJjaHw2fHxuZXd5b3JrJTJDdXNhfGVufDB8fHx8MTY2MTk0OTIyMQ&ixlib=rb-1.2.1&ar=4976%3A2800&fit=crop&w=4476 4476w, https://images.unsplash.com/photo-1577911890798-a56cb4b53888?ixid=MnwyMDE0NjF8MHwxfHNlYXJjaHw2fHxuZXd5b3JrJTJDdXNhfGVufDB8fHx8MTY2MTk0OTIyMQ&ixlib=rb-1.2.1&ar=4976%3A2800&fit=crop&w=4776 4776w, https://images.unsplash.com/photo-1577911890798-a56cb4b53888?ixid=MnwyMDE0NjF8MHwxfHNlYXJjaHw2fHxuZXd5b3JrJTJDdXNhfGVufDB8fHx8MTY2MTk0OTIyMQ&ixlib=rb-1.2.1&ar=4976%3A2800&fit=crop&w=4976 4976w"
        />
      </a>
      <span
        class="c4 c13"
      />
    </div>
    <div
      class="c14"
    >
      <a
        href="https://unsplash.com/photos/SyBYM8R6VU4"
        rel="noreferrer"
        target="_blank"
      >
        <img
          alt="photo of road between brown buildings"
          class="c3"
          sizes="(max-width: 767px) 100vw, (max-width: 167px) min(100%, 135px), (max-height: 351px) min(100%, 135px), (min-aspect-ratio: 2448 / 3264) calc(calc(100vh - 175px) * 0.750000), calc(100vw - 32px)"
          src="https://images.unsplash.com/6/stones.JPG?ixid=MnwyMDE0NjF8MHwxfHNlYXJjaHw3fHxuZXd5b3JrJTJDdXNhfGVufDB8fHx8MTY2MTk0OTIyMQ&ixlib=rb-1.2.1"
          srcset="https://images.unsplash.com/6/stones.JPG?ixid=MnwyMDE0NjF8MHwxfHNlYXJjaHw3fHxuZXd5b3JrJTJDdXNhfGVufDB8fHx8MTY2MTk0OTIyMQ&ixlib=rb-1.2.1&ar=2448%3A3264&fit=crop&w=117 117w, https://images.unsplash.com/6/stones.JPG?ixid=MnwyMDE0NjF8MHwxfHNlYXJjaHw3fHxuZXd5b3JrJTJDdXNhfGVufDB8fHx8MTY2MTk0OTIyMQ&ixlib=rb-1.2.1&ar=2448%3A3264&fit=crop&w=417 417w, https://images.unsplash.com/6/stones.JPG?ixid=MnwyMDE0NjF8MHwxfHNlYXJjaHw3fHxuZXd5b3JrJTJDdXNhfGVufDB8fHx8MTY2MTk0OTIyMQ&ixlib=rb-1.2.1&ar=2448%3A3264&fit=crop&w=717 717w, https://images.unsplash.com/6/stones.JPG?ixid=MnwyMDE0NjF8MHwxfHNlYXJjaHw3fHxuZXd5b3JrJTJDdXNhfGVufDB8fHx8MTY2MTk0OTIyMQ&ixlib=rb-1.2.1&ar=2448%3A3264&fit=crop&w=1017 1017w, https://images.unsplash.com/6/stones.JPG?ixid=MnwyMDE0NjF8MHwxfHNlYXJjaHw3fHxuZXd5b3JrJTJDdXNhfGVufDB8fHx8MTY2MTk0OTIyMQ&ixlib=rb-1.2.1&ar=2448%3A3264&fit=crop&w=1317 1317w, https://images.unsplash.com/6/stones.JPG?ixid=MnwyMDE0NjF8MHwxfHNlYXJjaHw3fHxuZXd5b3JrJTJDdXNhfGVufDB8fHx8MTY2MTk0OTIyMQ&ixlib=rb-1.2.1&ar=2448%3A3264&fit=crop&w=1617 1617w, https://images.unsplash.com/6/stones.JPG?ixid=MnwyMDE0NjF8MHwxfHNlYXJjaHw3fHxuZXd5b3JrJTJDdXNhfGVufDB8fHx8MTY2MTk0OTIyMQ&ixlib=rb-1.2.1&ar=2448%3A3264&fit=crop&w=1917 1917w, https://images.unsplash.com/6/stones.JPG?ixid=MnwyMDE0NjF8MHwxfHNlYXJjaHw3fHxuZXd5b3JrJTJDdXNhfGVufDB8fHx8MTY2MTk0OTIyMQ&ixlib=rb-1.2.1&ar=2448%3A3264&fit=crop&w=2217 2217w, https://images.unsplash.com/6/stones.JPG?ixid=MnwyMDE0NjF8MHwxfHNlYXJjaHw3fHxuZXd5b3JrJTJDdXNhfGVufDB8fHx8MTY2MTk0OTIyMQ&ixlib=rb-1.2.1&ar=2448%3A3264&fit=crop&w=2448 2448w"
        />
      </a>
      <span
        class="c4 c5"
      />
    </div>
    <div
      class="c15"
    >
      <a
        href="https://unsplash.com/photos/Nyvq2juw4_o"
        rel="noreferrer"
        target="_blank"
      >
        <img
          alt="white and brown city buildings during daytime"
          class="c3"
          sizes="(max-width: 767px) 100vw, (max-width: 325px) min(100%, 293px), (max-height: 352px) min(100%, 293px), (min-aspect-ratio: 3465 / 2131) calc(calc(100vh - 175px) * 1.62600), calc(100vw - 32px)"
          src="https://images.unsplash.com/photo-1477959858617-67f85cf4f1df?ixid=MnwyMDE0NjF8MHwxfHNlYXJjaHw4fHxuZXd5b3JrJTJDdXNhfGVufDB8fHx8MTY2MTk0OTIyMQ&ixlib=rb-1.2.1"
          srcset="https://images.unsplash.com/photo-1477959858617-67f85cf4f1df?ixid=MnwyMDE0NjF8MHwxfHNlYXJjaHw4fHxuZXd5b3JrJTJDdXNhfGVufDB8fHx8MTY2MTk0OTIyMQ&ixlib=rb-1.2.1&ar=3465%3A2131&fit=crop&w=253 253w, https://images.unsplash.com/photo-1477959858617-67f85cf4f1df?ixid=MnwyMDE0NjF8MHwxfHNlYXJjaHw4fHxuZXd5b3JrJTJDdXNhfGVufDB8fHx8MTY2MTk0OTIyMQ&ixlib=rb-1.2.1&ar=3465%3A2131&fit=crop&w=553 553w, https://images.unsplash.com/photo-1477959858617-67f85cf4f1df?ixid=MnwyMDE0NjF8MHwxfHNlYXJjaHw4fHxuZXd5b3JrJTJDdXNhfGVufDB8fHx8MTY2MTk0OTIyMQ&ixlib=rb-1.2.1&ar=3465%3A2131&fit=crop&w=853 853w, https://images.unsplash.com/photo-1477959858617-67f85cf4f1df?ixid=MnwyMDE0NjF8MHwxfHNlYXJjaHw4fHxuZXd5b3JrJTJDdXNhfGVufDB8fHx8MTY2MTk0OTIyMQ&ixlib=rb-1.2.1&ar=3465%3A2131&fit=crop&w=1153 1153w, https://images.unsplash.com/photo-1477959858617-67f85cf4f1df?ixid=MnwyMDE0NjF8MHwxfHNlYXJjaHw4fHxuZXd5b3JrJTJDdXNhfGVufDB8fHx8MTY2MTk0OTIyMQ&ixlib=rb-1.2.1&ar=3465%3A2131&fit=crop&w=1453 1453w, https://images.unsplash.com/photo-1477959858617-67f85cf4f1df?ixid=MnwyMDE0NjF8MHwxfHNlYXJjaHw4fHxuZXd5b3JrJTJDdXNhfGVufDB8fHx8MTY2MTk0OTIyMQ&ixlib=rb-1.2.1&ar=3465%3A2131&fit=crop&w=1753 1753w, https://images.unsplash.com/photo-1477959858617-67f85cf4f1df?ixid=MnwyMDE0NjF8MHwxfHNlYXJjaHw4fHxuZXd5b3JrJTJDdXNhfGVufDB8fHx8MTY2MTk0OTIyMQ&ixlib=rb-1.2.1&ar=3465%3A2131&fit=crop&w=2053 2053w, https://images.unsplash.com/photo-1477959858617-67f85cf4f1df?ixid=MnwyMDE0NjF8MHwxfHNlYXJjaHw4fHxuZXd5b3JrJTJDdXNhfGVufDB8fHx8MTY2MTk0OTIyMQ&ixlib=rb-1.2.1&ar=3465%3A2131&fit=crop&w=2353 2353w, https://images.unsplash.com/photo-1477959858617-67f85cf4f1df?ixid=MnwyMDE0NjF8MHwxfHNlYXJjaHw4fHxuZXd5b3JrJTJDdXNhfGVufDB8fHx8MTY2MTk0OTIyMQ&ixlib=rb-1.2.1&ar=3465%3A2131&fit=crop&w=2653 2653w, https://images.unsplash.com/photo-1477959858617-67f85cf4f1df?ixid=MnwyMDE0NjF8MHwxfHNlYXJjaHw4fHxuZXd5b3JrJTJDdXNhfGVufDB8fHx8MTY2MTk0OTIyMQ&ixlib=rb-1.2.1&ar=3465%3A2131&fit=crop&w=2953 2953w, https://images.unsplash.com/photo-1477959858617-67f85cf4f1df?ixid=MnwyMDE0NjF8MHwxfHNlYXJjaHw4fHxuZXd5b3JrJTJDdXNhfGVufDB8fHx8MTY2MTk0OTIyMQ&ixlib=rb-1.2.1&ar=3465%3A2131&fit=crop&w=3253 3253w, https://images.unsplash.com/photo-1477959858617-67f85cf4f1df?ixid=MnwyMDE0NjF8MHwxfHNlYXJjaHw4fHxuZXd5b3JrJTJDdXNhfGVufDB8fHx8MTY2MTk0OTIyMQ&ixlib=rb-1.2.1&ar=3465%3A2131&fit=crop&w=3465 3465w"
        />
      </a>
      <span
        class="c4 c16"
      />
    </div>
  </div>
  <span
    class="c17"
  >
    Photos provided by
     
    <a
      href="https://unsplash.com/"
      rel="noreferrer"
      target="_blank"
    >
      Unsplash
    </a>
  </span>
</div>
`;
